Archive member included to satisfy reference by file (symbol)

/home/hirokatsu/ARM/Cortex-M0/LPC1114/LPC1114FN28/mcuxpresso_lpcopen_workspace/lpc_chip_11cxx_lib/Debug/liblpc_chip_11cxx_lib.a(chip_11xx.o)
                              ./src/lpcopen_lpc1114fn28_ex01_gpio_led_sw.o (SystemCoreClock)
/home/hirokatsu/ARM/Cortex-M0/LPC1114/LPC1114FN28/mcuxpresso_lpcopen_workspace/lpc_chip_11cxx_lib/Debug/liblpc_chip_11cxx_lib.a(clock_11xx.o)
                              /home/hirokatsu/ARM/Cortex-M0/LPC1114/LPC1114FN28/mcuxpresso_lpcopen_workspace/lpc_chip_11cxx_lib/Debug/liblpc_chip_11cxx_lib.a(chip_11xx.o) (Chip_Clock_GetSystemClockRate)
/home/hirokatsu/ARM/Cortex-M0/LPC1114/LPC1114FN28/mcuxpresso_lpcopen_workspace/lpc_chip_11cxx_lib/Debug/liblpc_chip_11cxx_lib.a(sysinit_11xx.o)
                              ./src/sysinit.o (Chip_SystemInit)
/home/hirokatsu/ARM/Cortex-M0/LPC1114/LPC1114FN28/mcuxpresso_lpcopen_workspace/lpc_chip_11cxx_lib/Debug/liblpc_chip_11cxx_lib.a(sysctl_11xx.o)
                              /home/hirokatsu/ARM/Cortex-M0/LPC1114/LPC1114FN28/mcuxpresso_lpcopen_workspace/lpc_chip_11cxx_lib/Debug/liblpc_chip_11cxx_lib.a(sysinit_11xx.o) (Chip_SYSCTL_PowerDown)
/home/hirokatsu/ARM/Cortex-M0/LPC1114/LPC1114FN28/mcuxpresso_lpcopen_workspace/lpcopen_lpc1114fn28_ex00_my_board_lib/Debug/liblpcopen_lpc1114fn28_ex00_my_board_lib.a(my_delay.o)
                              ./src/lpcopen_lpc1114fn28_ex01_gpio_led_sw.o (Delay)
/home/hirokatsu/ARM/Cortex-M0/LPC1114/LPC1114FN28/mcuxpresso_lpcopen_workspace/lpcopen_lpc1114fn28_ex00_my_board_lib/Debug/liblpcopen_lpc1114fn28_ex00_my_board_lib.a(my_iocon.o)
                              ./src/lpcopen_lpc1114fn28_ex01_gpio_led_sw.o (IOCON_Config_Request)
/home/hirokatsu/ARM/Cortex-M0/LPC1114/LPC1114FN28/mcuxpresso_lpcopen_workspace/lpcopen_lpc1114fn28_ex00_my_board_lib/Debug/liblpcopen_lpc1114fn28_ex00_my_board_lib.a(led.o)
                              ./src/lpcopen_lpc1114fn28_ex01_gpio_led_sw.o (LED1_Config_Request)
/home/hirokatsu/ARM/Cortex-M0/LPC1114/LPC1114FN28/mcuxpresso_lpcopen_workspace/lpcopen_lpc1114fn28_ex00_my_board_lib/Debug/liblpcopen_lpc1114fn28_ex00_my_board_lib.a(sw.o)
                              ./src/lpcopen_lpc1114fn28_ex01_gpio_led_sw.o (SW_Status_Read_Request)
/usr/local/mcuxpressoide-11.5.1_7266/ide/plugins/com.nxp.mcuxpresso.tools.linux_11.5.1.202201181444/tools/bin/../lib/gcc/arm-none-eabi/10.3.1/../../../../arm-none-eabi/lib/thumb/v6-m/nofp/libcr_c.a(__weak__main.o)
                              ./src/cr_startup_lpc11xx.o (__main)
/usr/local/mcuxpressoide-11.5.1_7266/ide/plugins/com.nxp.mcuxpresso.tools.linux_11.5.1.202201181444/tools/bin/../lib/gcc/arm-none-eabi/10.3.1/thumb/v6-m/nofp/libcr_eabihelpers.a(division_32.o)
                              ./src/lpcopen_lpc1114fn28_ex01_gpio_led_sw.o (__aeabi_uidiv)
/usr/local/mcuxpressoide-11.5.1_7266/ide/plugins/com.nxp.mcuxpresso.tools.linux_11.5.1.202201181444/tools/bin/../lib/gcc/arm-none-eabi/10.3.1/thumb/v6-m/nofp/libcr_eabihelpers.a(division_idiv0.o)
                              /usr/local/mcuxpressoide-11.5.1_7266/ide/plugins/com.nxp.mcuxpresso.tools.linux_11.5.1.202201181444/tools/bin/../lib/gcc/arm-none-eabi/10.3.1/thumb/v6-m/nofp/libcr_eabihelpers.a(division_32.o) (__aeabi_idiv0)

Discarded input sections

 .group         0x0000000000000000        0xc ./src/cr_startup_lpc11xx.o
 .text          0x0000000000000000        0x0 ./src/cr_startup_lpc11xx.o
 .data          0x0000000000000000        0x0 ./src/cr_startup_lpc11xx.o
 .bss           0x0000000000000000        0x0 ./src/cr_startup_lpc11xx.o
 .group         0x0000000000000000        0xc ./src/crp.o
 .group         0x0000000000000000        0xc ./src/crp.o
 .text          0x0000000000000000        0x0 ./src/crp.o
 .data          0x0000000000000000        0x0 ./src/crp.o
 .bss           0x0000000000000000        0x0 ./src/crp.o
 .debug_macro   0x0000000000000000      0xa66 ./src/crp.o
 .group         0x0000000000000000        0xc ./src/lpcopen_lpc1114fn28_ex01_gpio_led_sw.o
 .group         0x0000000000000000        0xc ./src/lpcopen_lpc1114fn28_ex01_gpio_led_sw.o
 .group         0x0000000000000000        0xc ./src/lpcopen_lpc1114fn28_ex01_gpio_led_sw.o
 .group         0x0000000000000000        0xc ./src/lpcopen_lpc1114fn28_ex01_gpio_led_sw.o
 .group         0x0000000000000000        0xc ./src/lpcopen_lpc1114fn28_ex01_gpio_led_sw.o
 .group         0x0000000000000000        0xc ./src/lpcopen_lpc1114fn28_ex01_gpio_led_sw.o
 .group         0x0000000000000000        0xc ./src/lpcopen_lpc1114fn28_ex01_gpio_led_sw.o
 .group         0x0000000000000000        0xc ./src/lpcopen_lpc1114fn28_ex01_gpio_led_sw.o
 .group         0x0000000000000000        0xc ./src/lpcopen_lpc1114fn28_ex01_gpio_led_sw.o
 .group         0x0000000000000000        0xc ./src/lpcopen_lpc1114fn28_ex01_gpio_led_sw.o
 .group         0x0000000000000000        0xc ./src/lpcopen_lpc1114fn28_ex01_gpio_led_sw.o
[...]
Memory Configuration

Name             Origin             Length             Attributes
MFlash32         0x0000000000000000 0x0000000000008000 xr
RamLoc4          0x0000000010000000 0x0000000000001000 xrw
*default*        0x0000000000000000 0xffffffffffffffff

Linker script and memory map

LOAD ./src/cr_startup_lpc11xx.o
LOAD ./src/crp.o
LOAD ./src/lpcopen_lpc1114fn28_ex01_gpio_led_sw.o
LOAD ./src/sysinit.o
LOAD /home/hirokatsu/ARM/Cortex-M0/LPC1114/LPC1114FN28/mcuxpresso_lpcopen_workspace/lpc_chip_11cxx_lib/Debug/liblpc_chip_11cxx_lib.a
LOAD /home/hirokatsu/ARM/Cortex-M0/LPC1114/LPC1114FN28/mcuxpresso_lpcopen_workspace/lpcopen_lpc1114fn28_ex00_my_board_lib/Debug/liblpcopen_lpc1114fn28_ex00_my_board_lib.a
START GROUP
LOAD /usr/local/mcuxpressoide-11.5.1_7266/ide/plugins/com.nxp.mcuxpresso.tools.linux_11.5.1.202201181444/tools/bin/../lib/gcc/arm-none-eabi/10.3.1/../../../../arm-none-eabi/lib/thumb/v6-m/nofp/libcr_c.a
LOAD /usr/local/mcuxpressoide-11.5.1_7266/ide/plugins/com.nxp.mcuxpresso.tools.linux_11.5.1.202201181444/tools/bin/../lib/gcc/arm-none-eabi/10.3.1/thumb/v6-m/nofp/libcr_eabihelpers.a
LOAD /usr/local/mcuxpressoide-11.5.1_7266/ide/plugins/com.nxp.mcuxpresso.tools.linux_11.5.1.202201181444/tools/bin/../lib/gcc/arm-none-eabi/10.3.1/thumb/v6-m/nofp/libgcc.a
END GROUP
                0x0000000000000000                __base_MFlash32 = 0x0
                0x0000000000000000                __base_Flash = 0x0
                0x0000000000008000                __top_MFlash32 = 0x8000
                0x0000000000008000                __top_Flash = 0x8000
                0x0000000010000000                __base_RamLoc4 = 0x10000000
                0x0000000010000000                __base_RAM = 0x10000000
                0x0000000010001000                __top_RamLoc4 = 0x10001000
                0x0000000010001000                __top_RAM = 0x10001000

.text           0x0000000000000000      0xd14
 FILL mask 0xff
                0x0000000000000000                __vectors_start__ = ABSOLUTE (.)
 *(.isr_vector)
 .isr_vector    0x0000000000000000       0xc0 ./src/cr_startup_lpc11xx.o
                0x0000000000000000                g_pfnVectors
                0x00000000000000c0                . = ALIGN (0x4)
                0x00000000000000c0                __section_table_start = .
                0x00000000000000c0                __data_section_table = .
                0x00000000000000c0        0x4 LONG 0xd14 LOADADDR (.data)
                0x00000000000000c4        0x4 LONG 0x10000000 ADDR (.data)
                0x00000000000000c8        0x4 LONG 0x0 SIZEOF (.data)
                0x00000000000000cc                __data_section_table_end = .
                0x00000000000000cc                __bss_section_table = .
                0x00000000000000cc        0x4 LONG 0x10000000 ADDR (.bss)
                0x00000000000000d0        0x4 LONG 0xc SIZEOF (.bss)
                0x00000000000000d4                __bss_section_table_end = .
                0x00000000000000d4                __section_table_end = .
 *(.after_vectors*)
 .after_vectors
                0x00000000000000d4      0x11c ./src/cr_startup_lpc11xx.o
                0x00000000000000d4                data_init
                0x0000000000000116                bss_init
                0x000000000000014c                ResetISR
                0x00000000000001cc                NMI_Handler
                0x00000000000001d2                HardFault_Handler
                0x00000000000001d8                SVC_Handler
                0x00000000000001de                PendSV_Handler
                0x00000000000001ea                TIMER16_0_IRQHandler
                0x00000000000001ea                UART_IRQHandler
                0x00000000000001ea                TIMER32_0_IRQHandler
                0x00000000000001ea                TIMER32_1_IRQHandler
                0x00000000000001ea                IntDefaultHandler
                0x00000000000001ea                PIOINT1_IRQHandler
                0x00000000000001ea                CAN_IRQHandler
                0x00000000000001ea                SSP0_IRQHandler
                0x00000000000001ea                TIMER16_1_IRQHandler
                0x00000000000001ea                ADC_IRQHandler
                0x00000000000001ea                SSP1_IRQHandler
                0x00000000000001ea                PIOINT2_IRQHandler
                0x00000000000001ea                BOD_IRQHandler
                0x00000000000001ea                WAKEUP_IRQHandler
                0x00000000000001ea                PIOINT0_IRQHandler
                0x00000000000001ea                I2C_IRQHandler
                0x00000000000001ea                WDT_IRQHandler
                0x00000000000001ea                PIOINT3_IRQHandler
                0x00000000000002fc                . = 0x2fc
 *fill*         0x00000000000001f0      0x10c ff
                0x00000000000002fc                PROVIDE (__CRP_WORD_START__ = .)
 *(.crp)
 .crp           0x00000000000002fc        0x4 ./src/crp.o
                0x00000000000002fc                CRP_WORD
                0x0000000000000300                PROVIDE (__CRP_WORD_END__ = .)
                0x0000000000000001                ASSERT (! ((__CRP_WORD_START__ == __CRP_WORD_END__)), Linker CRP Enabled, but no CRP_WORD provided within application)
 *(.text*)
 .text.NVIC_SetPriority
                0x0000000000000300       0xdc ./src/lpcopen_lpc1114fn28_ex01_gpio_led_sw.o
 .text.SysTick_Config
                0x00000000000003dc       0x48 ./src/lpcopen_lpc1114fn28_ex01_gpio_led_sw.o
 .text.main     0x0000000000000424       0x84 ./src/lpcopen_lpc1114fn28_ex01_gpio_led_sw.o
                0x0000000000000424                main
 .text.SystemInit
                0x00000000000004a8        0xe ./src/sysinit.o
                0x00000000000004a8                SystemInit
 *fill*         0x00000000000004b6        0x2 ff
 .text.SystemCoreClockUpdate
                0x00000000000004b8       0x18 /home/hirokatsu/ARM/Cortex-M0/LPC1114/LPC1114FN28/mcuxpresso_lpcopen_workspace/lpc_chip_11cxx_lib/Debug/liblpc_chip_11cxx_lib.a(chip_11xx.o)
                0x00000000000004b8                SystemCoreClockUpdate
 .text.Chip_Clock_GetMainOscRate
                0x00000000000004d0       0x14 /home/hirokatsu/ARM/Cortex-M0/LPC1114/LPC1114FN28/mcuxpresso_lpcopen_workspace/lpc_chip_11cxx_lib/Debug/liblpc_chip_11cxx_lib.a(clock_11xx.o)
 .text.Chip_Clock_GetIntOscRate
                0x00000000000004e4       0x10 /home/hirokatsu/ARM/Cortex-M0/LPC1114/LPC1114FN28/mcuxpresso_lpcopen_workspace/lpc_chip_11cxx_lib/Debug/liblpc_chip_11cxx_lib.a(clock_11xx.o)
 .text.Chip_Clock_GetWDTLFORate
                0x00000000000004f4       0x48 /home/hirokatsu/ARM/Cortex-M0/LPC1114/LPC1114FN28/mcuxpresso_lpcopen_workspace/lpc_chip_11cxx_lib/Debug/liblpc_chip_11cxx_lib.a(clock_11xx.o)
 .text.Chip_Clock_GetPLLFreq
                0x000000000000053c       0x22 /home/hirokatsu/ARM/Cortex-M0/LPC1114/LPC1114FN28/mcuxpresso_lpcopen_workspace/lpc_chip_11cxx_lib/Debug/liblpc_chip_11cxx_lib.a(clock_11xx.o)
 *fill*         0x000000000000055e        0x2 ff
 .text.Chip_Clock_SetSystemPLLSource
                0x0000000000000560       0x2c /home/hirokatsu/ARM/Cortex-M0/LPC1114/LPC1114FN28/mcuxpresso_lpcopen_workspace/lpc_chip_11cxx_lib/Debug/liblpc_chip_11cxx_lib.a(clock_11xx.o)
                0x0000000000000560                Chip_Clock_SetSystemPLLSource
 .text.Chip_Clock_SetMainClockSource
                0x000000000000058c       0x2c /home/hirokatsu/ARM/Cortex-M0/LPC1114/LPC1114FN28/mcuxpresso_lpcopen_workspace/lpc_chip_11cxx_lib/Debug/liblpc_chip_11cxx_lib.a(clock_11xx.o)
                0x000000000000058c                Chip_Clock_SetMainClockSource
 .text.Chip_Clock_GetWDTOSCRate
                0x00000000000005b8       0x1c /home/hirokatsu/ARM/Cortex-M0/LPC1114/LPC1114FN28/mcuxpresso_lpcopen_workspace/lpc_chip_11cxx_lib/Debug/liblpc_chip_11cxx_lib.a(clock_11xx.o)
                0x00000000000005b8                Chip_Clock_GetWDTOSCRate
 .text.Chip_Clock_GetSystemPLLInClockRate
                0x00000000000005d4       0x40 /home/hirokatsu/ARM/Cortex-M0/LPC1114/LPC1114FN28/mcuxpresso_lpcopen_workspace/lpc_chip_11cxx_lib/Debug/liblpc_chip_11cxx_lib.a(clock_11xx.o)
                0x00000000000005d4                Chip_Clock_GetSystemPLLInClockRate
 .text.Chip_Clock_GetSystemPLLOutClockRate
                0x0000000000000614       0x24 /home/hirokatsu/ARM/Cortex-M0/LPC1114/LPC1114FN28/mcuxpresso_lpcopen_workspace/lpc_chip_11cxx_lib/Debug/liblpc_chip_11cxx_lib.a(clock_11xx.o)
                0x0000000000000614                Chip_Clock_GetSystemPLLOutClockRate
 .text.Chip_Clock_GetMainClockRate
                0x0000000000000638       0x64 /home/hirokatsu/ARM/Cortex-M0/LPC1114/LPC1114FN28/mcuxpresso_lpcopen_workspace/lpc_chip_11cxx_lib/Debug/liblpc_chip_11cxx_lib.a(clock_11xx.o)
                0x0000000000000638                Chip_Clock_GetMainClockRate
 .text.Chip_Clock_GetSystemClockRate
                0x000000000000069c       0x24 /home/hirokatsu/ARM/Cortex-M0/LPC1114/LPC1114FN28/mcuxpresso_lpcopen_workspace/lpc_chip_11cxx_lib/Debug/liblpc_chip_11cxx_lib.a(clock_11xx.o)
                0x000000000000069c                Chip_Clock_GetSystemClockRate
 .text.Chip_FMC_SetFLASHAccess
                0x00000000000006c0       0x30 /home/hirokatsu/ARM/Cortex-M0/LPC1114/LPC1114FN28/mcuxpresso_lpcopen_workspace/lpc_chip_11cxx_lib/Debug/liblpc_chip_11cxx_lib.a(sysinit_11xx.o)
 .text.Chip_Clock_SetupSystemPLL
                0x00000000000006f0       0x38 /home/hirokatsu/ARM/Cortex-M0/LPC1114/LPC1114FN28/mcuxpresso_lpcopen_workspace/lpc_chip_11cxx_lib/Debug/liblpc_chip_11cxx_lib.a(sysinit_11xx.o)
 .text.Chip_Clock_IsSystemPLLLocked
                0x0000000000000728       0x1c /home/hirokatsu/ARM/Cortex-M0/LPC1114/LPC1114FN28/mcuxpresso_lpcopen_workspace/lpc_chip_11cxx_lib/Debug/liblpc_chip_11cxx_lib.a(sysinit_11xx.o)
 .text.Chip_Clock_SetSysClockDiv
                0x0000000000000744       0x1c /home/hirokatsu/ARM/Cortex-M0/LPC1114/LPC1114FN28/mcuxpresso_lpcopen_workspace/lpc_chip_11cxx_lib/Debug/liblpc_chip_11cxx_lib.a(sysinit_11xx.o)
 .text.Chip_Clock_EnablePeriphClock
                0x0000000000000760       0x30 /home/hirokatsu/ARM/Cortex-M0/LPC1114/LPC1114FN28/mcuxpresso_lpcopen_workspace/lpc_chip_11cxx_lib/Debug/liblpc_chip_11cxx_lib.a(sysinit_11xx.o)
 .text.Chip_SystemInit
                0x0000000000000790       0x5c /home/hirokatsu/ARM/Cortex-M0/LPC1114/LPC1114FN28/mcuxpresso_lpcopen_workspace/lpc_chip_11cxx_lib/Debug/liblpc_chip_11cxx_lib.a(sysinit_11xx.o)
                0x0000000000000790                Chip_SystemInit
 .text.Chip_SYSCTL_PowerDown
                0x00000000000007ec       0x40 /home/hirokatsu/ARM/Cortex-M0/LPC1114/LPC1114FN28/mcuxpresso_lpcopen_workspace/lpc_chip_11cxx_lib/Debug/liblpc_chip_11cxx_lib.a(sysctl_11xx.o)
                0x00000000000007ec                Chip_SYSCTL_PowerDown
 .text.Chip_SYSCTL_PowerUp
                0x000000000000082c       0x40 /home/hirokatsu/ARM/Cortex-M0/LPC1114/LPC1114FN28/mcuxpresso_lpcopen_workspace/lpc_chip_11cxx_lib/Debug/liblpc_chip_11cxx_lib.a(sysctl_11xx.o)
                0x000000000000082c                Chip_SYSCTL_PowerUp
 .text.SysTick_Handler
                0x000000000000086c       0x18 /home/hirokatsu/ARM/Cortex-M0/LPC1114/LPC1114FN28/mcuxpresso_lpcopen_workspace/lpcopen_lpc1114fn28_ex00_my_board_lib/Debug/liblpcopen_lpc1114fn28_ex00_my_board_lib.a(my_delay.o)
                0x000000000000086c                SysTick_Handler
 .text.Delay    0x0000000000000884       0x2c /home/hirokatsu/ARM/Cortex-M0/LPC1114/LPC1114FN28/mcuxpresso_lpcopen_workspace/lpcopen_lpc1114fn28_ex00_my_board_lib/Debug/liblpcopen_lpc1114fn28_ex00_my_board_lib.a(my_delay.o)
                0x0000000000000884                Delay
 .text.Chip_IOCON_PinMuxSet
                0x00000000000008b0       0x26 /home/hirokatsu/ARM/Cortex-M0/LPC1114/LPC1114FN28/mcuxpresso_lpcopen_workspace/lpcopen_lpc1114fn28_ex00_my_board_lib/Debug/liblpcopen_lpc1114fn28_ex00_my_board_lib.a(my_iocon.o)
 .text.Chip_IOCON_PinLocSel
                0x00000000000008d6       0x30 /home/hirokatsu/ARM/Cortex-M0/LPC1114/LPC1114FN28/mcuxpresso_lpcopen_workspace/lpcopen_lpc1114fn28_ex00_my_board_lib/Debug/liblpcopen_lpc1114fn28_ex00_my_board_lib.a(my_iocon.o)
 *fill*         0x0000000000000906        0x2 ff
 .text.IOCON_Config_Request
                0x0000000000000908       0xe4 /home/hirokatsu/ARM/Cortex-M0/LPC1114/LPC1114FN28/mcuxpresso_lpcopen_workspace/lpcopen_lpc1114fn28_ex00_my_board_lib/Debug/liblpcopen_lpc1114fn28_ex00_my_board_lib.a(my_iocon.o)
                0x0000000000000908                IOCON_Config_Request
 .text.Chip_GPIO_SetPinState
                0x00000000000009ec       0x4e /home/hirokatsu/ARM/Cortex-M0/LPC1114/LPC1114FN28/mcuxpresso_lpcopen_workspace/lpcopen_lpc1114fn28_ex00_my_board_lib/Debug/liblpcopen_lpc1114fn28_ex00_my_board_lib.a(led.o)
 .text.Chip_GPIO_SetPinDIROutput
                0x0000000000000a3a       0x4c /home/hirokatsu/ARM/Cortex-M0/LPC1114/LPC1114FN28/mcuxpresso_lpcopen_workspace/lpcopen_lpc1114fn28_ex00_my_board_lib/Debug/liblpcopen_lpc1114fn28_ex00_my_board_lib.a(led.o)
 .text.LED1_Config_Request
                0x0000000000000a86       0x18 /home/hirokatsu/ARM/Cortex-M0/LPC1114/LPC1114FN28/mcuxpresso_lpcopen_workspace/lpcopen_lpc1114fn28_ex00_my_board_lib/Debug/liblpcopen_lpc1114fn28_ex00_my_board_lib.a(led.o)
                0x0000000000000a86                LED1_Config_Request
 .text.LED_set_request
                0x0000000000000a9e       0x7a /home/hirokatsu/ARM/Cortex-M0/LPC1114/LPC1114FN28/mcuxpresso_lpcopen_workspace/lpcopen_lpc1114fn28_ex00_my_board_lib/Debug/liblpcopen_lpc1114fn28_ex00_my_board_lib.a(led.o)
                0x0000000000000a9e                LED_set_request
 .text.Chip_GPIO_GetPinState
                0x0000000000000b18       0x3e /home/hirokatsu/ARM/Cortex-M0/LPC1114/LPC1114FN28/mcuxpresso_lpcopen_workspace/lpcopen_lpc1114fn28_ex00_my_board_lib/Debug/liblpcopen_lpc1114fn28_ex00_my_board_lib.a(sw.o)
 .text.Chip_GPIO_SetPinDIRInput
                0x0000000000000b56       0x4e /home/hirokatsu/ARM/Cortex-M0/LPC1114/LPC1114FN28/mcuxpresso_lpcopen_workspace/lpcopen_lpc1114fn28_ex00_my_board_lib/Debug/liblpcopen_lpc1114fn28_ex00_my_board_lib.a(sw.o)
 .text.SW_Status_Read_Request
                0x0000000000000ba4       0x92 /home/hirokatsu/ARM/Cortex-M0/LPC1114/LPC1114FN28/mcuxpresso_lpcopen_workspace/lpcopen_lpc1114fn28_ex00_my_board_lib/Debug/liblpcopen_lpc1114fn28_ex00_my_board_lib.a(sw.o)
                0x0000000000000ba4                SW_Status_Read_Request
 .text.SW1_Config_Request
                0x0000000000000c36       0x18 /home/hirokatsu/ARM/Cortex-M0/LPC1114/LPC1114FN28/mcuxpresso_lpcopen_workspace/lpcopen_lpc1114fn28_ex00_my_board_lib/Debug/liblpcopen_lpc1114fn28_ex00_my_board_lib.a(sw.o)
                0x0000000000000c36                SW1_Config_Request
 .text.__weak_main
                0x0000000000000c4e        0x8 /usr/local/mcuxpressoide-11.5.1_7266/ide/plugins/com.nxp.mcuxpresso.tools.linux_11.5.1.202201181444/tools/bin/../lib/gcc/arm-none-eabi/10.3.1/../../../../arm-none-eabi/lib/thumb/v6-m/nofp/libcr_c.a(__weak__main.o)
                0x0000000000000c4e                __main
                0x0000000000000c4e                __weak_main
 .text.__aeabi_division_idivmod
                0x0000000000000c56       0x78 /usr/local/mcuxpressoide-11.5.1_7266/ide/plugins/com.nxp.mcuxpresso.tools.linux_11.5.1.202201181444/tools/bin/../lib/gcc/arm-none-eabi/10.3.1/thumb/v6-m/nofp/libcr_eabihelpers.a(division_32.o)
                0x0000000000000c56                __aeabi_idiv
                0x0000000000000c56                __aeabi_idivmod
                0x0000000000000c5c                __aeabi_uidiv
                0x0000000000000c5c                __aeabi_uidivmod
 .text.__aeabi_division_idiv0
                0x0000000000000cce        0x2 /usr/local/mcuxpressoide-11.5.1_7266/ide/plugins/com.nxp.mcuxpresso.tools.linux_11.5.1.202201181444/tools/bin/../lib/gcc/arm-none-eabi/10.3.1/thumb/v6-m/nofp/libcr_eabihelpers.a(division_idiv0.o)
                0x0000000000000cce                __aeabi_idiv0
 *(.rodata .rodata.* .constdata .constdata.*)
 .rodata.OscRateIn
                0x0000000000000cd0        0x4 ./src/sysinit.o
                0x0000000000000cd0                OscRateIn
 .rodata.wdtOSCRate
                0x0000000000000cd4       0x40 /home/hirokatsu/ARM/Cortex-M0/LPC1114/LPC1114FN28/mcuxpresso_lpcopen_workspace/lpc_chip_11cxx_lib/Debug/liblpc_chip_11cxx_lib.a(clock_11xx.o)
                0x0000000000000d14                . = ALIGN (0x4)

.glue_7         0x0000000000000d14        0x0
 .glue_7        0x0000000000000d14        0x0 linker stubs

.glue_7t        0x0000000000000d14        0x0
 .glue_7t       0x0000000000000d14        0x0 linker stubs

.vfp11_veneer   0x0000000000000d14        0x0
 .vfp11_veneer  0x0000000000000d14        0x0 linker stubs

.v4_bx          0x0000000000000d14        0x0
 .v4_bx         0x0000000000000d14        0x0 linker stubs

.iplt           0x0000000000000d14        0x0
 .iplt          0x0000000000000d14        0x0 ./src/cr_startup_lpc11xx.o

.rel.dyn        0x0000000000000d14        0x0
 .rel.iplt      0x0000000000000d14        0x0 ./src/cr_startup_lpc11xx.o

.ARM.extab
 *(.ARM.extab* .gnu.linkonce.armextab.*)

.ARM.exidx      0x0000000000000d14        0x0
                0x0000000000000d14                __exidx_start = .
 *(.ARM.exidx* .gnu.linkonce.armexidx.*)
                0x0000000000000d14                __exidx_end = .
                0x0000000000000d14                _etext = .

.uninit_RESERVED
                0x0000000010000000        0x0
                0x0000000010000000                _start_uninit_RESERVED = .
 *(.bss.$RESERVED*)
                0x0000000010000000                . = ALIGN (0x4)
                0x0000000010000000                _end_uninit_RESERVED = .

.data           0x0000000010000000        0x0 load address 0x0000000000000d14
 FILL mask 0xff
                0x0000000010000000                _data = .
                [!provide]                        PROVIDE (__start_data_RAM = .)
                [!provide]                        PROVIDE (__start_data_RamLoc4 = .)
 *(vtable)
 *(.ramfunc*)
 *(CodeQuickAccess)
 *(DataQuickAccess)
 *(RamFunction)
 *(.data*)
                0x0000000010000000                . = ALIGN (0x4)
                0x0000000010000000                _edata = .
                [!provide]                        PROVIDE (__end_data_RAM = .)
                [!provide]                        PROVIDE (__end_data_RamLoc4 = .)

.igot.plt       0x0000000010000000        0x0 load address 0x0000000000000d14
 .igot.plt      0x0000000010000000        0x0 ./src/cr_startup_lpc11xx.o

.bss            0x0000000010000000        0xc
                0x0000000010000000                _bss = .
                [!provide]                        PROVIDE (__start_bss_RAM = .)
                [!provide]                        PROVIDE (__start_bss_RamLoc4 = .)
 *(.bss*)
 .bss.i.0       0x0000000010000000        0x4 ./src/lpcopen_lpc1114fn28_ex01_gpio_led_sw.o
 .bss.SystemCoreClock
                0x0000000010000004        0x4 /home/hirokatsu/ARM/Cortex-M0/LPC1114/LPC1114FN28/mcuxpresso_lpcopen_workspace/lpc_chip_11cxx_lib/Debug/liblpc_chip_11cxx_lib.a(chip_11xx.o)
                0x0000000010000004                SystemCoreClock
 .bss.SysTickCnt
                0x0000000010000008        0x4 /home/hirokatsu/ARM/Cortex-M0/LPC1114/LPC1114FN28/mcuxpresso_lpcopen_workspace/lpcopen_lpc1114fn28_ex00_my_board_lib/Debug/liblpcopen_lpc1114fn28_ex00_my_board_lib.a(my_delay.o)
                0x0000000010000008                SysTickCnt
 *(COMMON)
                0x000000001000000c                . = ALIGN (0x4)
                0x000000001000000c                _ebss = .
                [!provide]                        PROVIDE (__end_bss_RAM = .)
                [!provide]                        PROVIDE (__end_bss_RamLoc4 = .)
                [!provide]                        PROVIDE (end = .)

.noinit         0x000000001000000c        0x0
                0x000000001000000c                _noinit = .
                [!provide]                        PROVIDE (__start_noinit_RAM = .)
                [!provide]                        PROVIDE (__start_noinit_RamLoc4 = .)
 *(.noinit*)
                0x000000001000000c                . = ALIGN (0x4)
                0x000000001000000c                _end_noinit = .
                [!provide]                        PROVIDE (__end_noinit_RAM = .)
                [!provide]                        PROVIDE (__end_noinit_RamLoc4 = .)
                [!provide]                        PROVIDE (_pvHeapStart = DEFINED (__user_heap_base)?__user_heap_base:.)
                0x0000000010001000                PROVIDE (_vStackTop = DEFINED (__user_stack_top)?__user_stack_top:(__top_RamLoc4 - 0x0))
                0xffffffffefffeb13                PROVIDE (__valid_user_code_checksum = (0x0 - (((_vStackTop + (ResetISR + 0x1)) + (DEFINED (NMI_Handler)?NMI_Handler:M0_NMI_Handler + 0x1)) + (DEFINED (HardFault_Handler)?HardFault_Handler:M0_HardFault_Handler + 0x1))))
                0x0000000000000000                _image_start = LOADADDR (.text)
                0x0000000000000d14                _image_end = (LOADADDR (.data) + SIZEOF (.data))
                0x0000000000000d14                _image_size = (_image_end - _image_start)
OUTPUT(lpcopen_lpc1114fn28_ex01_gpio_led_sw.axf elf32-littlearm)
LOAD linker stubs

.debug_info     0x0000000000000000     0x2c27
 .debug_info    0x0000000000000000      0x22e ./src/cr_startup_lpc11xx.o
 .debug_info    0x000000000000022e       0x40 ./src/crp.o
 .debug_info    0x000000000000026e      0x4b4 ./src/lpcopen_lpc1114fn28_ex01_gpio_led_sw.o
 .debug_info    0x0000000000000722       0xd5 ./src/sysinit.o
 .debug_info    0x00000000000007f7       0xb7 /home/hirokatsu/ARM/Cortex-M0/LPC1114/LPC1114FN28/mcuxpresso_lpcopen_workspace/lpc_chip_11cxx_lib/Debug/liblpc_chip_11cxx_lib.a(chip_11xx.o)
 .debug_info    0x00000000000008ae      0x8ef /home/hirokatsu/ARM/Cortex-M0/LPC1114/LPC1114FN28/mcuxpresso_lpcopen_workspace/lpc_chip_11cxx_lib/Debug/liblpc_chip_11cxx_lib.a(clock_11xx.o)
 .debug_info    0x000000000000119d      0x827 /home/hirokatsu/ARM/Cortex-M0/LPC1114/LPC1114FN28/mcuxpresso_lpcopen_workspace/lpc_chip_11cxx_lib/Debug/liblpc_chip_11cxx_lib.a(sysinit_11xx.o)
 .debug_info    0x00000000000019c4      0x5b5 /home/hirokatsu/ARM/Cortex-M0/LPC1114/LPC1114FN28/mcuxpresso_lpcopen_workspace/lpc_chip_11cxx_lib/Debug/liblpc_chip_11cxx_lib.a(sysctl_11xx.o)
 .debug_info    0x0000000000001f79       0x8f /home/hirokatsu/ARM/Cortex-M0/LPC1114/LPC1114FN28/mcuxpresso_lpcopen_workspace/lpcopen_lpc1114fn28_ex00_my_board_lib/Debug/liblpcopen_lpc1114fn28_ex00_my_board_lib.a(my_delay.o)
 .debug_info    0x0000000000002008      0x2c7 /home/hirokatsu/ARM/Cortex-M0/LPC1114/LPC1114FN28/mcuxpresso_lpcopen_workspace/lpcopen_lpc1114fn28_ex00_my_board_lib/Debug/liblpcopen_lpc1114fn28_ex00_my_board_lib.a(my_iocon.o)
 .debug_info    0x00000000000022cf      0x326 /home/hirokatsu/ARM/Cortex-M0/LPC1114/LPC1114FN28/mcuxpresso_lpcopen_workspace/lpcopen_lpc1114fn28_ex00_my_board_lib/Debug/liblpcopen_lpc1114fn28_ex00_my_board_lib.a(led.o)
 .debug_info    0x00000000000025f5      0x632 /home/hirokatsu/ARM/Cortex-M0/LPC1114/LPC1114FN28/mcuxpresso_lpcopen_workspace/lpcopen_lpc1114fn28_ex00_my_board_lib/Debug/liblpcopen_lpc1114fn28_ex00_my_board_lib.a(sw.o)

.debug_abbrev   0x0000000000000000      0xd6d
 .debug_abbrev  0x0000000000000000      0x111 ./src/cr_startup_lpc11xx.o
 .debug_abbrev  0x0000000000000111       0x38 ./src/crp.o
 .debug_abbrev  0x0000000000000149      0x184 ./src/lpcopen_lpc1114fn28_ex01_gpio_led_sw.o
 .debug_abbrev  0x00000000000002cd       0x7f ./src/sysinit.o
 .debug_abbrev  0x000000000000034c       0x78 /home/hirokatsu/ARM/Cortex-M0/LPC1114/LPC1114FN28/mcuxpresso_lpcopen_workspace/lpc_chip_11cxx_lib/Debug/liblpc_chip_11cxx_lib.a(chip_11xx.o)
 .debug_abbrev  0x00000000000003c4      0x1ea /home/hirokatsu/ARM/Cortex-M0/LPC1114/LPC1114FN28/mcuxpresso_lpcopen_workspace/lpc_chip_11cxx_lib/Debug/liblpc_chip_11cxx_lib.a(clock_11xx.o)
 .debug_abbrev  0x00000000000005ae      0x19a /home/hirokatsu/ARM/Cortex-M0/LPC1114/LPC1114FN28/mcuxpresso_lpcopen_workspace/lpc_chip_11cxx_lib/Debug/liblpc_chip_11cxx_lib.a(sysinit_11xx.o)
 .debug_abbrev  0x0000000000000748       0xe5 /home/hirokatsu/ARM/Cortex-M0/LPC1114/LPC1114FN28/mcuxpresso_lpcopen_workspace/lpc_chip_11cxx_lib/Debug/liblpc_chip_11cxx_lib.a(sysctl_11xx.o)
 .debug_abbrev  0x000000000000082d       0x94 /home/hirokatsu/ARM/Cortex-M0/LPC1114/LPC1114FN28/mcuxpresso_lpcopen_workspace/lpcopen_lpc1114fn28_ex00_my_board_lib/Debug/liblpcopen_lpc1114fn28_ex00_my_board_lib.a(my_delay.o)
 .debug_abbrev  0x00000000000008c1      0x12c /home/hirokatsu/ARM/Cortex-M0/LPC1114/LPC1114FN28/mcuxpresso_lpcopen_workspace/lpcopen_lpc1114fn28_ex00_my_board_lib/Debug/liblpcopen_lpc1114fn28_ex00_my_board_lib.a(my_iocon.o)
 .debug_abbrev  0x00000000000009ed      0x14f /home/hirokatsu/ARM/Cortex-M0/LPC1114/LPC1114FN28/mcuxpresso_lpcopen_workspace/lpcopen_lpc1114fn28_ex00_my_board_lib/Debug/liblpcopen_lpc1114fn28_ex00_my_board_lib.a(led.o)
 .debug_abbrev  0x0000000000000b3c      0x231 /home/hirokatsu/ARM/Cortex-M0/LPC1114/LPC1114FN28/mcuxpresso_lpcopen_workspace/lpcopen_lpc1114fn28_ex00_my_board_lib/Debug/liblpcopen_lpc1114fn28_ex00_my_board_lib.a(sw.o)

.debug_aranges  0x0000000000000000      0x328
 .debug_aranges
                0x0000000000000000       0x60 ./src/cr_startup_lpc11xx.o
 .debug_aranges
                0x0000000000000060       0x18 ./src/crp.o
 .debug_aranges
                0x0000000000000078       0x30 ./src/lpcopen_lpc1114fn28_ex01_gpio_led_sw.o
 .debug_aranges
                0x00000000000000a8       0x20 ./src/sysinit.o
 .debug_aranges
                0x00000000000000c8       0x20 /home/hirokatsu/ARM/Cortex-M0/LPC1114/LPC1114FN28/mcuxpresso_lpcopen_workspace/lpc_chip_11cxx_lib/Debug/liblpc_chip_11cxx_lib.a(chip_11xx.o)
 .debug_aranges
                0x00000000000000e8       0x88 /home/hirokatsu/ARM/Cortex-M0/LPC1114/LPC1114FN28/mcuxpresso_lpcopen_workspace/lpc_chip_11cxx_lib/Debug/liblpc_chip_11cxx_lib.a(clock_11xx.o)
 .debug_aranges
                0x0000000000000170       0x48 /home/hirokatsu/ARM/Cortex-M0/LPC1114/LPC1114FN28/mcuxpresso_lpcopen_workspace/lpc_chip_11cxx_lib/Debug/liblpc_chip_11cxx_lib.a(sysinit_11xx.o)
 .debug_aranges
                0x00000000000001b8       0x38 /home/hirokatsu/ARM/Cortex-M0/LPC1114/LPC1114FN28/mcuxpresso_lpcopen_workspace/lpc_chip_11cxx_lib/Debug/liblpc_chip_11cxx_lib.a(sysctl_11xx.o)
 .debug_aranges
                0x00000000000001f0       0x28 /home/hirokatsu/ARM/Cortex-M0/LPC1114/LPC1114FN28/mcuxpresso_lpcopen_workspace/lpcopen_lpc1114fn28_ex00_my_board_lib/Debug/liblpcopen_lpc1114fn28_ex00_my_board_lib.a(my_delay.o)
 .debug_aranges
                0x0000000000000218       0x30 /home/hirokatsu/ARM/Cortex-M0/LPC1114/LPC1114FN28/mcuxpresso_lpcopen_workspace/lpcopen_lpc1114fn28_ex00_my_board_lib/Debug/liblpcopen_lpc1114fn28_ex00_my_board_lib.a(my_iocon.o)
 .debug_aranges
                0x0000000000000248       0x60 /home/hirokatsu/ARM/Cortex-M0/LPC1114/LPC1114FN28/mcuxpresso_lpcopen_workspace/lpcopen_lpc1114fn28_ex00_my_board_lib/Debug/liblpcopen_lpc1114fn28_ex00_my_board_lib.a(led.o)
 .debug_aranges
                0x00000000000002a8       0x80 /home/hirokatsu/ARM/Cortex-M0/LPC1114/LPC1114FN28/mcuxpresso_lpcopen_workspace/lpcopen_lpc1114fn28_ex00_my_board_lib/Debug/liblpcopen_lpc1114fn28_ex00_my_board_lib.a(sw.o)

.debug_ranges   0x0000000000000000      0x260
 .debug_ranges  0x0000000000000000       0x50 ./src/cr_startup_lpc11xx.o
 .debug_ranges  0x0000000000000050       0x20 ./src/lpcopen_lpc1114fn28_ex01_gpio_led_sw.o
 .debug_ranges  0x0000000000000070       0x10 ./src/sysinit.o
 .debug_ranges  0x0000000000000080       0x10 /home/hirokatsu/ARM/Cortex-M0/LPC1114/LPC1114FN28/mcuxpresso_lpcopen_workspace/lpc_chip_11cxx_lib/Debug/liblpc_chip_11cxx_lib.a(chip_11xx.o)
 .debug_ranges  0x0000000000000090       0x78 /home/hirokatsu/ARM/Cortex-M0/LPC1114/LPC1114FN28/mcuxpresso_lpcopen_workspace/lpc_chip_11cxx_lib/Debug/liblpc_chip_11cxx_lib.a(clock_11xx.o)
 .debug_ranges  0x0000000000000108       0x38 /home/hirokatsu/ARM/Cortex-M0/LPC1114/LPC1114FN28/mcuxpresso_lpcopen_workspace/lpc_chip_11cxx_lib/Debug/liblpc_chip_11cxx_lib.a(sysinit_11xx.o)
 .debug_ranges  0x0000000000000140       0x28 /home/hirokatsu/ARM/Cortex-M0/LPC1114/LPC1114FN28/mcuxpresso_lpcopen_workspace/lpc_chip_11cxx_lib/Debug/liblpc_chip_11cxx_lib.a(sysctl_11xx.o)
 .debug_ranges  0x0000000000000168       0x18 /home/hirokatsu/ARM/Cortex-M0/LPC1114/LPC1114FN28/mcuxpresso_lpcopen_workspace/lpcopen_lpc1114fn28_ex00_my_board_lib/Debug/liblpcopen_lpc1114fn28_ex00_my_board_lib.a(my_delay.o)
 .debug_ranges  0x0000000000000180       0x20 /home/hirokatsu/ARM/Cortex-M0/LPC1114/LPC1114FN28/mcuxpresso_lpcopen_workspace/lpcopen_lpc1114fn28_ex00_my_board_lib/Debug/liblpcopen_lpc1114fn28_ex00_my_board_lib.a(my_iocon.o)
 .debug_ranges  0x00000000000001a0       0x50 /home/hirokatsu/ARM/Cortex-M0/LPC1114/LPC1114FN28/mcuxpresso_lpcopen_workspace/lpcopen_lpc1114fn28_ex00_my_board_lib/Debug/liblpcopen_lpc1114fn28_ex00_my_board_lib.a(led.o)
 .debug_ranges  0x00000000000001f0       0x70 /home/hirokatsu/ARM/Cortex-M0/LPC1114/LPC1114FN28/mcuxpresso_lpcopen_workspace/lpcopen_lpc1114fn28_ex00_my_board_lib/Debug/liblpcopen_lpc1114fn28_ex00_my_board_lib.a(sw.o)

.debug_macro    0x0000000000000000     0x450d
 .debug_macro   0x0000000000000000       0x1d ./src/cr_startup_lpc11xx.o
 .debug_macro   0x000000000000001d      0xa66 ./src/cr_startup_lpc11xx.o
 .debug_macro   0x0000000000000a83       0x1a ./src/crp.o
 .debug_macro   0x0000000000000a9d       0x34 ./src/crp.o
 .debug_macro   0x0000000000000ad1      0x1ce ./src/lpcopen_lpc1114fn28_ex01_gpio_led_sw.o
 .debug_macro   0x0000000000000c9f       0x10 ./src/lpcopen_lpc1114fn28_ex01_gpio_led_sw.o
 .debug_macro   0x0000000000000caf      0x12e ./src/lpcopen_lpc1114fn28_ex01_gpio_led_sw.o
 .debug_macro   0x0000000000000ddd      0x5b3 ./src/lpcopen_lpc1114fn28_ex01_gpio_led_sw.o
 .debug_macro   0x0000000000001390       0x22 ./src/lpcopen_lpc1114fn28_ex01_gpio_led_sw.o
 .debug_macro   0x00000000000013b2       0x7b ./src/lpcopen_lpc1114fn28_ex01_gpio_led_sw.o
 .debug_macro   0x000000000000142d       0x10 ./src/lpcopen_lpc1114fn28_ex01_gpio_led_sw.o
 .debug_macro   0x000000000000143d       0x1f ./src/lpcopen_lpc1114fn28_ex01_gpio_led_sw.o
 .debug_macro   0x000000000000145c       0x3a ./src/lpcopen_lpc1114fn28_ex01_gpio_led_sw.o
 .debug_macro   0x0000000000001496      0x241 ./src/lpcopen_lpc1114fn28_ex01_gpio_led_sw.o
 .debug_macro   0x00000000000016d7      0x117 ./src/lpcopen_lpc1114fn28_ex01_gpio_led_sw.o
 .debug_macro   0x00000000000017ee       0x22 ./src/lpcopen_lpc1114fn28_ex01_gpio_led_sw.o
 .debug_macro   0x0000000000001810       0xb2 ./src/lpcopen_lpc1114fn28_ex01_gpio_led_sw.o
 .debug_macro   0x00000000000018c2       0x10 ./src/lpcopen_lpc1114fn28_ex01_gpio_led_sw.o
 .debug_macro   0x00000000000018d2      0x137 ./src/lpcopen_lpc1114fn28_ex01_gpio_led_sw.o
 .debug_macro   0x0000000000001a09       0x4c ./src/lpcopen_lpc1114fn28_ex01_gpio_led_sw.o
 .debug_macro   0x0000000000001a55       0x16 ./src/lpcopen_lpc1114fn28_ex01_gpio_led_sw.o
 .debug_macro   0x0000000000001a6b      0x31a ./src/lpcopen_lpc1114fn28_ex01_gpio_led_sw.o
 .debug_macro   0x0000000000001d85       0x2e ./src/lpcopen_lpc1114fn28_ex01_gpio_led_sw.o
 .debug_macro   0x0000000000001db3       0xb8 ./src/lpcopen_lpc1114fn28_ex01_gpio_led_sw.o
 .debug_macro   0x0000000000001e6b       0x11 ./src/lpcopen_lpc1114fn28_ex01_gpio_led_sw.o
 .debug_macro   0x0000000000001e7c       0x7c ./src/lpcopen_lpc1114fn28_ex01_gpio_led_sw.o
 .debug_macro   0x0000000000001ef8      0x21c ./src/lpcopen_lpc1114fn28_ex01_gpio_led_sw.o
 .debug_macro   0x0000000000002114      0x113 ./src/lpcopen_lpc1114fn28_ex01_gpio_led_sw.o
 .debug_macro   0x0000000000002227       0x82 ./src/lpcopen_lpc1114fn28_ex01_gpio_led_sw.o
 .debug_macro   0x00000000000022a9       0x2e ./src/lpcopen_lpc1114fn28_ex01_gpio_led_sw.o
 .debug_macro   0x00000000000022d7       0x2e ./src/lpcopen_lpc1114fn28_ex01_gpio_led_sw.o
 .debug_macro   0x0000000000002305       0xac ./src/lpcopen_lpc1114fn28_ex01_gpio_led_sw.o
 .debug_macro   0x00000000000023b1       0x34 ./src/lpcopen_lpc1114fn28_ex01_gpio_led_sw.o
 .debug_macro   0x00000000000023e5       0x40 ./src/lpcopen_lpc1114fn28_ex01_gpio_led_sw.o
 .debug_macro   0x0000000000002425      0x148 ./src/sysinit.o
 .debug_macro   0x000000000000256d      0x148 /home/hirokatsu/ARM/Cortex-M0/LPC1114/LPC1114FN28/mcuxpresso_lpcopen_workspace/lpc_chip_11cxx_lib/Debug/liblpc_chip_11cxx_lib.a(chip_11xx.o)
 .debug_macro   0x00000000000026b5      0xa5a /home/hirokatsu/ARM/Cortex-M0/LPC1114/LPC1114FN28/mcuxpresso_lpcopen_workspace/lpc_chip_11cxx_lib/Debug/liblpc_chip_11cxx_lib.a(chip_11xx.o)
 .debug_macro   0x000000000000310f      0x148 /home/hirokatsu/ARM/Cortex-M0/LPC1114/LPC1114FN28/mcuxpresso_lpcopen_workspace/lpc_chip_11cxx_lib/Debug/liblpc_chip_11cxx_lib.a(clock_11xx.o)
 .debug_macro   0x0000000000003257      0x148 /home/hirokatsu/ARM/Cortex-M0/LPC1114/LPC1114FN28/mcuxpresso_lpcopen_workspace/lpc_chip_11cxx_lib/Debug/liblpc_chip_11cxx_lib.a(sysinit_11xx.o)
 .debug_macro   0x000000000000339f      0x172 /home/hirokatsu/ARM/Cortex-M0/LPC1114/LPC1114FN28/mcuxpresso_lpcopen_workspace/lpc_chip_11cxx_lib/Debug/liblpc_chip_11cxx_lib.a(sysctl_11xx.o)
 .debug_macro   0x0000000000003511       0x11 /home/hirokatsu/ARM/Cortex-M0/LPC1114/LPC1114FN28/mcuxpresso_lpcopen_workspace/lpcopen_lpc1114fn28_ex00_my_board_lib/Debug/liblpcopen_lpc1114fn28_ex00_my_board_lib.a(my_delay.o)
 .debug_macro   0x0000000000003522      0xa60 /home/hirokatsu/ARM/Cortex-M0/LPC1114/LPC1114FN28/mcuxpresso_lpcopen_workspace/lpcopen_lpc1114fn28_ex00_my_board_lib/Debug/liblpcopen_lpc1114fn28_ex00_my_board_lib.a(my_delay.o)
 .debug_macro   0x0000000000003f82      0x1d9 /home/hirokatsu/ARM/Cortex-M0/LPC1114/LPC1114FN28/mcuxpresso_lpcopen_workspace/lpcopen_lpc1114fn28_ex00_my_board_lib/Debug/liblpcopen_lpc1114fn28_ex00_my_board_lib.a(my_iocon.o)
 .debug_macro   0x000000000000415b      0x1bc /home/hirokatsu/ARM/Cortex-M0/LPC1114/LPC1114FN28/mcuxpresso_lpcopen_workspace/lpcopen_lpc1114fn28_ex00_my_board_lib/Debug/liblpcopen_lpc1114fn28_ex00_my_board_lib.a(led.o)
 .debug_macro   0x0000000000004317      0x1bc /home/hirokatsu/ARM/Cortex-M0/LPC1114/LPC1114FN28/mcuxpresso_lpcopen_workspace/lpcopen_lpc1114fn28_ex00_my_board_lib/Debug/liblpcopen_lpc1114fn28_ex00_my_board_lib.a(sw.o)
 .debug_macro   0x00000000000044d3       0x3a /home/hirokatsu/ARM/Cortex-M0/LPC1114/LPC1114FN28/mcuxpresso_lpcopen_workspace/lpcopen_lpc1114fn28_ex00_my_board_lib/Debug/liblpcopen_lpc1114fn28_ex00_my_board_lib.a(sw.o)

.debug_line     0x0000000000000000     0x2cb4
 .debug_line    0x0000000000000000      0x135 ./src/cr_startup_lpc11xx.o
 .debug_line    0x0000000000000135       0xb5 ./src/crp.o
 .debug_line    0x00000000000001ea      0x693 ./src/lpcopen_lpc1114fn28_ex01_gpio_led_sw.o
 .debug_line    0x000000000000087d      0x35c ./src/sysinit.o
 .debug_line    0x0000000000000bd9      0x361 /home/hirokatsu/ARM/Cortex-M0/LPC1114/LPC1114FN28/mcuxpresso_lpcopen_workspace/lpc_chip_11cxx_lib/Debug/liblpc_chip_11cxx_lib.a(chip_11xx.o)
 .debug_line    0x0000000000000f3a      0x57b /home/hirokatsu/ARM/Cortex-M0/LPC1114/LPC1114FN28/mcuxpresso_lpcopen_workspace/lpc_chip_11cxx_lib/Debug/liblpc_chip_11cxx_lib.a(clock_11xx.o)
 .debug_line    0x00000000000014b5      0x42e /home/hirokatsu/ARM/Cortex-M0/LPC1114/LPC1114FN28/mcuxpresso_lpcopen_workspace/lpc_chip_11cxx_lib/Debug/liblpc_chip_11cxx_lib.a(sysinit_11xx.o)
 .debug_line    0x00000000000018e3      0x3e2 /home/hirokatsu/ARM/Cortex-M0/LPC1114/LPC1114FN28/mcuxpresso_lpcopen_workspace/lpc_chip_11cxx_lib/Debug/liblpc_chip_11cxx_lib.a(sysctl_11xx.o)
 .debug_line    0x0000000000001cc5       0x74 /home/hirokatsu/ARM/Cortex-M0/LPC1114/LPC1114FN28/mcuxpresso_lpcopen_workspace/lpcopen_lpc1114fn28_ex00_my_board_lib/Debug/liblpcopen_lpc1114fn28_ex00_my_board_lib.a(my_delay.o)
 .debug_line    0x0000000000001d39      0x3cd /home/hirokatsu/ARM/Cortex-M0/LPC1114/LPC1114FN28/mcuxpresso_lpcopen_workspace/lpcopen_lpc1114fn28_ex00_my_board_lib/Debug/liblpcopen_lpc1114fn28_ex00_my_board_lib.a(my_iocon.o)
 .debug_line    0x0000000000002106      0x595 /home/hirokatsu/ARM/Cortex-M0/LPC1114/LPC1114FN28/mcuxpresso_lpcopen_workspace/lpcopen_lpc1114fn28_ex00_my_board_lib/Debug/liblpcopen_lpc1114fn28_ex00_my_board_lib.a(led.o)
 .debug_line    0x000000000000269b      0x619 /home/hirokatsu/ARM/Cortex-M0/LPC1114/LPC1114FN28/mcuxpresso_lpcopen_workspace/lpcopen_lpc1114fn28_ex00_my_board_lib/Debug/liblpcopen_lpc1114fn28_ex00_my_board_lib.a(sw.o)

.debug_str      0x0000000000000000     0xa82e
 .debug_str     0x0000000000000000     0x2dec ./src/cr_startup_lpc11xx.o
                                       0x2dff (size before relaxing)
 .debug_str     0x0000000000002dec       0xe9 ./src/crp.o
                                       0x2d6a (size before relaxing)
 .debug_str     0x0000000000002ed5     0x63c4 ./src/lpcopen_lpc1114fn28_ex01_gpio_led_sw.o
                                       0x9142 (size before relaxing)
 .debug_str     0x0000000000009299       0x25 ./src/sysinit.o
                                       0x85a4 (size before relaxing)
 .debug_str     0x00000000000092be      0x158 /home/hirokatsu/ARM/Cortex-M0/LPC1114/LPC1114FN28/mcuxpresso_lpcopen_workspace/lpc_chip_11cxx_lib/Debug/liblpc_chip_11cxx_lib.a(chip_11xx.o)
                                       0x8562 (size before relaxing)
 .debug_str     0x0000000000009416      0x7ca /home/hirokatsu/ARM/Cortex-M0/LPC1114/LPC1114FN28/mcuxpresso_lpcopen_workspace/lpc_chip_11cxx_lib/Debug/liblpc_chip_11cxx_lib.a(clock_11xx.o)
                                       0x8d30 (size before relaxing)
 .debug_str     0x0000000000009be0      0x2e2 /home/hirokatsu/ARM/Cortex-M0/LPC1114/LPC1114FN28/mcuxpresso_lpcopen_workspace/lpc_chip_11cxx_lib/Debug/liblpc_chip_11cxx_lib.a(sysinit_11xx.o)
                                       0x8bc9 (size before relaxing)
 .debug_str     0x0000000000009ec2      0x19f /home/hirokatsu/ARM/Cortex-M0/LPC1114/LPC1114FN28/mcuxpresso_lpcopen_workspace/lpc_chip_11cxx_lib/Debug/liblpc_chip_11cxx_lib.a(sysctl_11xx.o)
                                       0x8970 (size before relaxing)
 .debug_str     0x000000000000a061       0xb5 /home/hirokatsu/ARM/Cortex-M0/LPC1114/LPC1114FN28/mcuxpresso_lpcopen_workspace/lpcopen_lpc1114fn28_ex00_my_board_lib/Debug/liblpcopen_lpc1114fn28_ex00_my_board_lib.a(my_delay.o)
                                       0x2cc2 (size before relaxing)
 .debug_str     0x000000000000a116      0x4dc /home/hirokatsu/ARM/Cortex-M0/LPC1114/LPC1114FN28/mcuxpresso_lpcopen_workspace/lpcopen_lpc1114fn28_ex00_my_board_lib/Debug/liblpcopen_lpc1114fn28_ex00_my_board_lib.a(my_iocon.o)
                                       0x8bd8 (size before relaxing)
 .debug_str     0x000000000000a5f2       0xff /home/hirokatsu/ARM/Cortex-M0/LPC1114/LPC1114FN28/mcuxpresso_lpcopen_workspace/lpcopen_lpc1114fn28_ex00_my_board_lib/Debug/liblpcopen_lpc1114fn28_ex00_my_board_lib.a(led.o)
                                       0x8a7b (size before relaxing)
 .debug_str     0x000000000000a6f1      0x13d /home/hirokatsu/ARM/Cortex-M0/LPC1114/LPC1114FN28/mcuxpresso_lpcopen_workspace/lpcopen_lpc1114fn28_ex00_my_board_lib/Debug/liblpcopen_lpc1114fn28_ex00_my_board_lib.a(sw.o)
                                       0x8d08 (size before relaxing)

.comment        0x0000000000000000       0x49
 .comment       0x0000000000000000       0x49 ./src/cr_startup_lpc11xx.o
                                         0x4a (size before relaxing)
 .comment       0x0000000000000049       0x4a ./src/crp.o
 .comment       0x0000000000000049       0x4a ./src/lpcopen_lpc1114fn28_ex01_gpio_led_sw.o
 .comment       0x0000000000000049       0x4a ./src/sysinit.o
 .comment       0x0000000000000049       0x4a /home/hirokatsu/ARM/Cortex-M0/LPC1114/LPC1114FN28/mcuxpresso_lpcopen_workspace/lpc_chip_11cxx_lib/Debug/liblpc_chip_11cxx_lib.a(chip_11xx.o)
 .comment       0x0000000000000049       0x4a /home/hirokatsu/ARM/Cortex-M0/LPC1114/LPC1114FN28/mcuxpresso_lpcopen_workspace/lpc_chip_11cxx_lib/Debug/liblpc_chip_11cxx_lib.a(clock_11xx.o)
 .comment       0x0000000000000049       0x4a /home/hirokatsu/ARM/Cortex-M0/LPC1114/LPC1114FN28/mcuxpresso_lpcopen_workspace/lpc_chip_11cxx_lib/Debug/liblpc_chip_11cxx_lib.a(sysinit_11xx.o)
 .comment       0x0000000000000049       0x4a /home/hirokatsu/ARM/Cortex-M0/LPC1114/LPC1114FN28/mcuxpresso_lpcopen_workspace/lpc_chip_11cxx_lib/Debug/liblpc_chip_11cxx_lib.a(sysctl_11xx.o)
 .comment       0x0000000000000049       0x4a /home/hirokatsu/ARM/Cortex-M0/LPC1114/LPC1114FN28/mcuxpresso_lpcopen_workspace/lpcopen_lpc1114fn28_ex00_my_board_lib/Debug/liblpcopen_lpc1114fn28_ex00_my_board_lib.a(my_delay.o)
 .comment       0x0000000000000049       0x4a /home/hirokatsu/ARM/Cortex-M0/LPC1114/LPC1114FN28/mcuxpresso_lpcopen_workspace/lpcopen_lpc1114fn28_ex00_my_board_lib/Debug/liblpcopen_lpc1114fn28_ex00_my_board_lib.a(my_iocon.o)
 .comment       0x0000000000000049       0x4a /home/hirokatsu/ARM/Cortex-M0/LPC1114/LPC1114FN28/mcuxpresso_lpcopen_workspace/lpcopen_lpc1114fn28_ex00_my_board_lib/Debug/liblpcopen_lpc1114fn28_ex00_my_board_lib.a(led.o)
 .comment       0x0000000000000049       0x4a /home/hirokatsu/ARM/Cortex-M0/LPC1114/LPC1114FN28/mcuxpresso_lpcopen_workspace/lpcopen_lpc1114fn28_ex00_my_board_lib/Debug/liblpcopen_lpc1114fn28_ex00_my_board_lib.a(sw.o)
 .comment       0x0000000000000049       0x4a /usr/local/mcuxpressoide-11.5.1_7266/ide/plugins/com.nxp.mcuxpresso.tools.linux_11.5.1.202201181444/tools/bin/../lib/gcc/arm-none-eabi/10.3.1/../../../../arm-none-eabi/lib/thumb/v6-m/nofp/libcr_c.a(__weak__main.o)

.ARM.attributes
                0x0000000000000000       0x2a
 .ARM.attributes
                0x0000000000000000       0x2c ./src/cr_startup_lpc11xx.o
 .ARM.attributes
                0x000000000000002c       0x31 ./src/crp.o
 .ARM.attributes
                0x000000000000005d       0x2c ./src/lpcopen_lpc1114fn28_ex01_gpio_led_sw.o
 .ARM.attributes
                0x0000000000000089       0x2c ./src/sysinit.o
 .ARM.attributes
                0x00000000000000b5       0x2c /home/hirokatsu/ARM/Cortex-M0/LPC1114/LPC1114FN28/mcuxpresso_lpcopen_workspace/lpc_chip_11cxx_lib/Debug/liblpc_chip_11cxx_lib.a(chip_11xx.o)
 .ARM.attributes
                0x00000000000000e1       0x2c /home/hirokatsu/ARM/Cortex-M0/LPC1114/LPC1114FN28/mcuxpresso_lpcopen_workspace/lpc_chip_11cxx_lib/Debug/liblpc_chip_11cxx_lib.a(clock_11xx.o)
 .ARM.attributes
                0x000000000000010d       0x2c /home/hirokatsu/ARM/Cortex-M0/LPC1114/LPC1114FN28/mcuxpresso_lpcopen_workspace/lpc_chip_11cxx_lib/Debug/liblpc_chip_11cxx_lib.a(sysinit_11xx.o)
 .ARM.attributes
                0x0000000000000139       0x2c /home/hirokatsu/ARM/Cortex-M0/LPC1114/LPC1114FN28/mcuxpresso_lpcopen_workspace/lpc_chip_11cxx_lib/Debug/liblpc_chip_11cxx_lib.a(sysctl_11xx.o)
 .ARM.attributes
                0x0000000000000165       0x2c /home/hirokatsu/ARM/Cortex-M0/LPC1114/LPC1114FN28/mcuxpresso_lpcopen_workspace/lpcopen_lpc1114fn28_ex00_my_board_lib/Debug/liblpcopen_lpc1114fn28_ex00_my_board_lib.a(my_delay.o)
 .ARM.attributes
                0x0000000000000191       0x2c /home/hirokatsu/ARM/Cortex-M0/LPC1114/LPC1114FN28/mcuxpresso_lpcopen_workspace/lpcopen_lpc1114fn28_ex00_my_board_lib/Debug/liblpcopen_lpc1114fn28_ex00_my_board_lib.a(my_iocon.o)
 .ARM.attributes
                0x00000000000001bd       0x2c /home/hirokatsu/ARM/Cortex-M0/LPC1114/LPC1114FN28/mcuxpresso_lpcopen_workspace/lpcopen_lpc1114fn28_ex00_my_board_lib/Debug/liblpcopen_lpc1114fn28_ex00_my_board_lib.a(led.o)
 .ARM.attributes
                0x00000000000001e9       0x2c /home/hirokatsu/ARM/Cortex-M0/LPC1114/LPC1114FN28/mcuxpresso_lpcopen_workspace/lpcopen_lpc1114fn28_ex00_my_board_lib/Debug/liblpcopen_lpc1114fn28_ex00_my_board_lib.a(sw.o)
 .ARM.attributes
                0x0000000000000215       0x2c /usr/local/mcuxpressoide-11.5.1_7266/ide/plugins/com.nxp.mcuxpresso.tools.linux_11.5.1.202201181444/tools/bin/../lib/gcc/arm-none-eabi/10.3.1/../../../../arm-none-eabi/lib/thumb/v6-m/nofp/libcr_c.a(__weak__main.o)
 .ARM.attributes
                0x0000000000000241       0x1c /usr/local/mcuxpressoide-11.5.1_7266/ide/plugins/com.nxp.mcuxpresso.tools.linux_11.5.1.202201181444/tools/bin/../lib/gcc/arm-none-eabi/10.3.1/thumb/v6-m/nofp/libcr_eabihelpers.a(division_32.o)
 .ARM.attributes
                0x000000000000025d       0x1c /usr/local/mcuxpressoide-11.5.1_7266/ide/plugins/com.nxp.mcuxpresso.tools.linux_11.5.1.202201181444/tools/bin/../lib/gcc/arm-none-eabi/10.3.1/thumb/v6-m/nofp/libcr_eabihelpers.a(division_idiv0.o)

.debug_frame    0x0000000000000000      0x870
 .debug_frame   0x0000000000000000      0x118 ./src/cr_startup_lpc11xx.o
 .debug_frame   0x0000000000000118       0x70 ./src/lpcopen_lpc1114fn28_ex01_gpio_led_sw.o
 .debug_frame   0x0000000000000188       0x2c ./src/sysinit.o
 .debug_frame   0x00000000000001b4       0x2c /home/hirokatsu/ARM/Cortex-M0/LPC1114/LPC1114FN28/mcuxpresso_lpcopen_workspace/lpc_chip_11cxx_lib/Debug/liblpc_chip_11cxx_lib.a(chip_11xx.o)
 .debug_frame   0x00000000000001e0      0x1c0 /home/hirokatsu/ARM/Cortex-M0/LPC1114/LPC1114FN28/mcuxpresso_lpcopen_workspace/lpc_chip_11cxx_lib/Debug/liblpc_chip_11cxx_lib.a(clock_11xx.o)
 .debug_frame   0x00000000000003a0       0xc8 /home/hirokatsu/ARM/Cortex-M0/LPC1114/LPC1114FN28/mcuxpresso_lpcopen_workspace/lpc_chip_11cxx_lib/Debug/liblpc_chip_11cxx_lib.a(sysinit_11xx.o)
 .debug_frame   0x0000000000000468       0x90 /home/hirokatsu/ARM/Cortex-M0/LPC1114/LPC1114FN28/mcuxpresso_lpcopen_workspace/lpc_chip_11cxx_lib/Debug/liblpc_chip_11cxx_lib.a(sysctl_11xx.o)
 .debug_frame   0x00000000000004f8       0x4c /home/hirokatsu/ARM/Cortex-M0/LPC1114/LPC1114FN28/mcuxpresso_lpcopen_workspace/lpcopen_lpc1114fn28_ex00_my_board_lib/Debug/liblpcopen_lpc1114fn28_ex00_my_board_lib.a(my_delay.o)
 .debug_frame   0x0000000000000544       0x6c /home/hirokatsu/ARM/Cortex-M0/LPC1114/LPC1114FN28/mcuxpresso_lpcopen_workspace/lpcopen_lpc1114fn28_ex00_my_board_lib/Debug/liblpcopen_lpc1114fn28_ex00_my_board_lib.a(my_iocon.o)
 .debug_frame   0x00000000000005b0      0x120 /home/hirokatsu/ARM/Cortex-M0/LPC1114/LPC1114FN28/mcuxpresso_lpcopen_workspace/lpcopen_lpc1114fn28_ex00_my_board_lib/Debug/liblpcopen_lpc1114fn28_ex00_my_board_lib.a(led.o)
 .debug_frame   0x00000000000006d0      0x1a0 /home/hirokatsu/ARM/Cortex-M0/LPC1114/LPC1114FN28/mcuxpresso_lpcopen_workspace/lpcopen_lpc1114fn28_ex00_my_board_lib/Debug/liblpcopen_lpc1114fn28_ex00_my_board_lib.a(sw.o)

Cross Reference Table

Symbol                                            File
ADC_IRQHandler                                    ./src/cr_startup_lpc11xx.o
BOD_IRQHandler                                    ./src/cr_startup_lpc11xx.o
CAN_IRQHandler                                    ./src/cr_startup_lpc11xx.o
CRP_WORD                                          ./src/crp.o
Chip_Clock_GetMainClockRate                       /home/hirokatsu/ARM/Cortex-M0/LPC1114/LPC1114FN28/mcuxpresso_lpcopen_workspace/lpc_chip_11cxx_lib/Debug/liblpc_chip_11cxx_lib.a(clock_11xx.o)
Chip_Clock_GetSystemClockRate                     /home/hirokatsu/ARM/Cortex-M0/LPC1114/LPC1114FN28/mcuxpresso_lpcopen_workspace/lpc_chip_11cxx_lib/Debug/liblpc_chip_11cxx_lib.a(clock_11xx.o)
                                                  /home/hirokatsu/ARM/Cortex-M0/LPC1114/LPC1114FN28/mcuxpresso_lpcopen_workspace/lpc_chip_11cxx_lib/Debug/liblpc_chip_11cxx_lib.a(chip_11xx.o)
Chip_Clock_GetSystemPLLInClockRate                /home/hirokatsu/ARM/Cortex-M0/LPC1114/LPC1114FN28/mcuxpresso_lpcopen_workspace/lpc_chip_11cxx_lib/Debug/liblpc_chip_11cxx_lib.a(clock_11xx.o)
Chip_Clock_GetSystemPLLOutClockRate               /home/hirokatsu/ARM/Cortex-M0/LPC1114/LPC1114FN28/mcuxpresso_lpcopen_workspace/lpc_chip_11cxx_lib/Debug/liblpc_chip_11cxx_lib.a(clock_11xx.o)
Chip_Clock_GetWDTOSCRate                          /home/hirokatsu/ARM/Cortex-M0/LPC1114/LPC1114FN28/mcuxpresso_lpcopen_workspace/lpc_chip_11cxx_lib/Debug/liblpc_chip_11cxx_lib.a(clock_11xx.o)
Chip_Clock_SetCLKOUTSource                        /home/hirokatsu/ARM/Cortex-M0/LPC1114/LPC1114FN28/mcuxpresso_lpcopen_workspace/lpc_chip_11cxx_lib/Debug/liblpc_chip_11cxx_lib.a(clock_11xx.o)
Chip_Clock_SetMainClockSource                     /home/hirokatsu/ARM/Cortex-M0/LPC1114/LPC1114FN28/mcuxpresso_lpcopen_workspace/lpc_chip_11cxx_lib/Debug/liblpc_chip_11cxx_lib.a(clock_11xx.o)
                                                  /home/hirokatsu/ARM/Cortex-M0/LPC1114/LPC1114FN28/mcuxpresso_lpcopen_workspace/lpc_chip_11cxx_lib/Debug/liblpc_chip_11cxx_lib.a(sysinit_11xx.o)
Chip_Clock_SetPLLBypass                           /home/hirokatsu/ARM/Cortex-M0/LPC1114/LPC1114FN28/mcuxpresso_lpcopen_workspace/lpc_chip_11cxx_lib/Debug/liblpc_chip_11cxx_lib.a(clock_11xx.o)
Chip_Clock_SetSystemPLLSource                     /home/hirokatsu/ARM/Cortex-M0/LPC1114/LPC1114FN28/mcuxpresso_lpcopen_workspace/lpc_chip_11cxx_lib/Debug/liblpc_chip_11cxx_lib.a(clock_11xx.o)
                                                  /home/hirokatsu/ARM/Cortex-M0/LPC1114/LPC1114FN28/mcuxpresso_lpcopen_workspace/lpc_chip_11cxx_lib/Debug/liblpc_chip_11cxx_lib.a(sysinit_11xx.o)
Chip_Clock_SetWDTClockSource                      /home/hirokatsu/ARM/Cortex-M0/LPC1114/LPC1114FN28/mcuxpresso_lpcopen_workspace/lpc_chip_11cxx_lib/Debug/liblpc_chip_11cxx_lib.a(clock_11xx.o)
Chip_SYSCTL_PowerDown                             /home/hirokatsu/ARM/Cortex-M0/LPC1114/LPC1114FN28/mcuxpresso_lpcopen_workspace/lpc_chip_11cxx_lib/Debug/liblpc_chip_11cxx_lib.a(sysctl_11xx.o)
                                                  /home/hirokatsu/ARM/Cortex-M0/LPC1114/LPC1114FN28/mcuxpresso_lpcopen_workspace/lpc_chip_11cxx_lib/Debug/liblpc_chip_11cxx_lib.a(sysinit_11xx.o)
Chip_SYSCTL_PowerUp                               /home/hirokatsu/ARM/Cortex-M0/LPC1114/LPC1114FN28/mcuxpresso_lpcopen_workspace/lpc_chip_11cxx_lib/Debug/liblpc_chip_11cxx_lib.a(sysctl_11xx.o)
                                                  /home/hirokatsu/ARM/Cortex-M0/LPC1114/LPC1114FN28/mcuxpresso_lpcopen_workspace/lpc_chip_11cxx_lib/Debug/liblpc_chip_11cxx_lib.a(sysinit_11xx.o)
Chip_SYSCTL_SetDeepSleepPD                        /home/hirokatsu/ARM/Cortex-M0/LPC1114/LPC1114FN28/mcuxpresso_lpcopen_workspace/lpc_chip_11cxx_lib/Debug/liblpc_chip_11cxx_lib.a(sysctl_11xx.o)
Chip_SYSCTL_SetWakeup                             /home/hirokatsu/ARM/Cortex-M0/LPC1114/LPC1114FN28/mcuxpresso_lpcopen_workspace/lpc_chip_11cxx_lib/Debug/liblpc_chip_11cxx_lib.a(sysctl_11xx.o)
Chip_SystemInit                                   /home/hirokatsu/ARM/Cortex-M0/LPC1114/LPC1114FN28/mcuxpresso_lpcopen_workspace/lpc_chip_11cxx_lib/Debug/liblpc_chip_11cxx_lib.a(sysinit_11xx.o)
                                                  ./src/sysinit.o
Delay                                             /home/hirokatsu/ARM/Cortex-M0/LPC1114/LPC1114FN28/mcuxpresso_lpcopen_workspace/lpcopen_lpc1114fn28_ex00_my_board_lib/Debug/liblpcopen_lpc1114fn28_ex00_my_board_lib.a(my_delay.o)
                                                  ./src/lpcopen_lpc1114fn28_ex01_gpio_led_sw.o
ExtRateIn                                         ./src/sysinit.o
HardFault_Handler                                 ./src/cr_startup_lpc11xx.o
I2C_IRQHandler                                    ./src/cr_startup_lpc11xx.o
IOCON_Config_Request                              /home/hirokatsu/ARM/Cortex-M0/LPC1114/LPC1114FN28/mcuxpresso_lpcopen_workspace/lpcopen_lpc1114fn28_ex00_my_board_lib/Debug/liblpcopen_lpc1114fn28_ex00_my_board_lib.a(my_iocon.o)
                                                  ./src/lpcopen_lpc1114fn28_ex01_gpio_led_sw.o
IntDefaultHandler                                 ./src/cr_startup_lpc11xx.o
LED1_Config_Request                               /home/hirokatsu/ARM/Cortex-M0/LPC1114/LPC1114FN28/mcuxpresso_lpcopen_workspace/lpcopen_lpc1114fn28_ex00_my_board_lib/Debug/liblpcopen_lpc1114fn28_ex00_my_board_lib.a(led.o)
                                                  ./src/lpcopen_lpc1114fn28_ex01_gpio_led_sw.o
LED2_Config_Request                               /home/hirokatsu/ARM/Cortex-M0/LPC1114/LPC1114FN28/mcuxpresso_lpcopen_workspace/lpcopen_lpc1114fn28_ex00_my_board_lib/Debug/liblpcopen_lpc1114fn28_ex00_my_board_lib.a(led.o)
LED3_Config_Request                               /home/hirokatsu/ARM/Cortex-M0/LPC1114/LPC1114FN28/mcuxpresso_lpcopen_workspace/lpcopen_lpc1114fn28_ex00_my_board_lib/Debug/liblpcopen_lpc1114fn28_ex00_my_board_lib.a(led.o)
LED4_Config_Request                               /home/hirokatsu/ARM/Cortex-M0/LPC1114/LPC1114FN28/mcuxpresso_lpcopen_workspace/lpcopen_lpc1114fn28_ex00_my_board_lib/Debug/liblpcopen_lpc1114fn28_ex00_my_board_lib.a(led.o)
LED_off_request                                   /home/hirokatsu/ARM/Cortex-M0/LPC1114/LPC1114FN28/mcuxpresso_lpcopen_workspace/lpcopen_lpc1114fn28_ex00_my_board_lib/Debug/liblpcopen_lpc1114fn28_ex00_my_board_lib.a(led.o)
LED_on_request                                    /home/hirokatsu/ARM/Cortex-M0/LPC1114/LPC1114FN28/mcuxpresso_lpcopen_workspace/lpcopen_lpc1114fn28_ex00_my_board_lib/Debug/liblpcopen_lpc1114fn28_ex00_my_board_lib.a(led.o)
LED_set_request                                   /home/hirokatsu/ARM/Cortex-M0/LPC1114/LPC1114FN28/mcuxpresso_lpcopen_workspace/lpcopen_lpc1114fn28_ex00_my_board_lib/Debug/liblpcopen_lpc1114fn28_ex00_my_board_lib.a(led.o)
                                                  ./src/lpcopen_lpc1114fn28_ex01_gpio_led_sw.o
NMI_Handler                                       ./src/cr_startup_lpc11xx.o
OscRateIn                                         ./src/sysinit.o
                                                  /home/hirokatsu/ARM/Cortex-M0/LPC1114/LPC1114FN28/mcuxpresso_lpcopen_workspace/lpc_chip_11cxx_lib/Debug/liblpc_chip_11cxx_lib.a(clock_11xx.o)
PIOINT0_IRQHandler                                ./src/cr_startup_lpc11xx.o
PIOINT1_IRQHandler                                ./src/cr_startup_lpc11xx.o
PIOINT2_IRQHandler                                ./src/cr_startup_lpc11xx.o
PIOINT3_IRQHandler                                ./src/cr_startup_lpc11xx.o
PendSV_Handler                                    ./src/cr_startup_lpc11xx.o
ResetISR                                          ./src/cr_startup_lpc11xx.o
SSP0_IRQHandler                                   ./src/cr_startup_lpc11xx.o
SSP1_IRQHandler                                   ./src/cr_startup_lpc11xx.o
SVC_Handler                                       ./src/cr_startup_lpc11xx.o
SW1_Config_Request                                /home/hirokatsu/ARM/Cortex-M0/LPC1114/LPC1114FN28/mcuxpresso_lpcopen_workspace/lpcopen_lpc1114fn28_ex00_my_board_lib/Debug/liblpcopen_lpc1114fn28_ex00_my_board_lib.a(sw.o)
                                                  ./src/lpcopen_lpc1114fn28_ex01_gpio_led_sw.o
SW2_Config_Request                                /home/hirokatsu/ARM/Cortex-M0/LPC1114/LPC1114FN28/mcuxpresso_lpcopen_workspace/lpcopen_lpc1114fn28_ex00_my_board_lib/Debug/liblpcopen_lpc1114fn28_ex00_my_board_lib.a(sw.o)
SW3_Config_Request                                /home/hirokatsu/ARM/Cortex-M0/LPC1114/LPC1114FN28/mcuxpresso_lpcopen_workspace/lpcopen_lpc1114fn28_ex00_my_board_lib/Debug/liblpcopen_lpc1114fn28_ex00_my_board_lib.a(sw.o)
SW4_Config_Request                                /home/hirokatsu/ARM/Cortex-M0/LPC1114/LPC1114FN28/mcuxpresso_lpcopen_workspace/lpcopen_lpc1114fn28_ex00_my_board_lib/Debug/liblpcopen_lpc1114fn28_ex00_my_board_lib.a(sw.o)
SW_Status_Read_Request                            /home/hirokatsu/ARM/Cortex-M0/LPC1114/LPC1114FN28/mcuxpresso_lpcopen_workspace/lpcopen_lpc1114fn28_ex00_my_board_lib/Debug/liblpcopen_lpc1114fn28_ex00_my_board_lib.a(sw.o)
                                                  ./src/lpcopen_lpc1114fn28_ex01_gpio_led_sw.o
SW_interrupt_request                              /home/hirokatsu/ARM/Cortex-M0/LPC1114/LPC1114FN28/mcuxpresso_lpcopen_workspace/lpcopen_lpc1114fn28_ex00_my_board_lib/Debug/liblpcopen_lpc1114fn28_ex00_my_board_lib.a(sw.o)
SysTickCnt                                        /home/hirokatsu/ARM/Cortex-M0/LPC1114/LPC1114FN28/mcuxpresso_lpcopen_workspace/lpcopen_lpc1114fn28_ex00_my_board_lib/Debug/liblpcopen_lpc1114fn28_ex00_my_board_lib.a(my_delay.o)
SysTick_Handler                                   /home/hirokatsu/ARM/Cortex-M0/LPC1114/LPC1114FN28/mcuxpresso_lpcopen_workspace/lpcopen_lpc1114fn28_ex00_my_board_lib/Debug/liblpcopen_lpc1114fn28_ex00_my_board_lib.a(my_delay.o)
                                                  ./src/cr_startup_lpc11xx.o
SystemCoreClock                                   /home/hirokatsu/ARM/Cortex-M0/LPC1114/LPC1114FN28/mcuxpresso_lpcopen_workspace/lpc_chip_11cxx_lib/Debug/liblpc_chip_11cxx_lib.a(chip_11xx.o)
                                                  ./src/lpcopen_lpc1114fn28_ex01_gpio_led_sw.o
SystemCoreClockUpdate                             /home/hirokatsu/ARM/Cortex-M0/LPC1114/LPC1114FN28/mcuxpresso_lpcopen_workspace/lpc_chip_11cxx_lib/Debug/liblpc_chip_11cxx_lib.a(chip_11xx.o)
                                                  ./src/lpcopen_lpc1114fn28_ex01_gpio_led_sw.o
SystemInit                                        ./src/sysinit.o
                                                  ./src/cr_startup_lpc11xx.o
TIMER16_0_IRQHandler                              ./src/cr_startup_lpc11xx.o
TIMER16_1_IRQHandler                              ./src/cr_startup_lpc11xx.o
TIMER32_0_IRQHandler                              ./src/cr_startup_lpc11xx.o
TIMER32_1_IRQHandler                              ./src/cr_startup_lpc11xx.o
UART_IRQHandler                                   ./src/cr_startup_lpc11xx.o
WAKEUP_IRQHandler                                 ./src/cr_startup_lpc11xx.o
WDT_IRQHandler                                    ./src/cr_startup_lpc11xx.o
__aeabi_idiv                                      /usr/local/mcuxpressoide-11.5.1_7266/ide/plugins/com.nxp.mcuxpresso.tools.linux_11.5.1.202201181444/tools/bin/../lib/gcc/arm-none-eabi/10.3.1/thumb/v6-m/nofp/libcr_eabihelpers.a(division_32.o)
__aeabi_idiv0                                     /usr/local/mcuxpressoide-11.5.1_7266/ide/plugins/com.nxp.mcuxpresso.tools.linux_11.5.1.202201181444/tools/bin/../lib/gcc/arm-none-eabi/10.3.1/thumb/v6-m/nofp/libcr_eabihelpers.a(division_idiv0.o)
                                                  /usr/local/mcuxpressoide-11.5.1_7266/ide/plugins/com.nxp.mcuxpresso.tools.linux_11.5.1.202201181444/tools/bin/../lib/gcc/arm-none-eabi/10.3.1/thumb/v6-m/nofp/libcr_eabihelpers.a(division_32.o)
__aeabi_idivmod                                   /usr/local/mcuxpressoide-11.5.1_7266/ide/plugins/com.nxp.mcuxpresso.tools.linux_11.5.1.202201181444/tools/bin/../lib/gcc/arm-none-eabi/10.3.1/thumb/v6-m/nofp/libcr_eabihelpers.a(division_32.o)
__aeabi_uidiv                                     /usr/local/mcuxpressoide-11.5.1_7266/ide/plugins/com.nxp.mcuxpresso.tools.linux_11.5.1.202201181444/tools/bin/../lib/gcc/arm-none-eabi/10.3.1/thumb/v6-m/nofp/libcr_eabihelpers.a(division_32.o)
                                                  /home/hirokatsu/ARM/Cortex-M0/LPC1114/LPC1114FN28/mcuxpresso_lpcopen_workspace/lpc_chip_11cxx_lib/Debug/liblpc_chip_11cxx_lib.a(clock_11xx.o)
                                                  ./src/lpcopen_lpc1114fn28_ex01_gpio_led_sw.o
__aeabi_uidivmod                                  /usr/local/mcuxpressoide-11.5.1_7266/ide/plugins/com.nxp.mcuxpresso.tools.linux_11.5.1.202201181444/tools/bin/../lib/gcc/arm-none-eabi/10.3.1/thumb/v6-m/nofp/libcr_eabihelpers.a(division_32.o)
__bss_section_table_end                           ./src/cr_startup_lpc11xx.o
__data_section_table                              ./src/cr_startup_lpc11xx.o
__data_section_table_end                          ./src/cr_startup_lpc11xx.o
__main                                            /usr/local/mcuxpressoide-11.5.1_7266/ide/plugins/com.nxp.mcuxpresso.tools.linux_11.5.1.202201181444/tools/bin/../lib/gcc/arm-none-eabi/10.3.1/../../../../arm-none-eabi/lib/thumb/v6-m/nofp/libcr_c.a(__weak__main.o)
                                                  ./src/cr_startup_lpc11xx.o
__valid_user_code_checksum                        ./src/cr_startup_lpc11xx.o
__weak_main                                       /usr/local/mcuxpressoide-11.5.1_7266/ide/plugins/com.nxp.mcuxpresso.tools.linux_11.5.1.202201181444/tools/bin/../lib/gcc/arm-none-eabi/10.3.1/../../../../arm-none-eabi/lib/thumb/v6-m/nofp/libcr_c.a(__weak__main.o)
_vStackTop                                        ./src/cr_startup_lpc11xx.o
bss_init                                          ./src/cr_startup_lpc11xx.o
data_init                                         ./src/cr_startup_lpc11xx.o
g_pfnVectors                                      ./src/cr_startup_lpc11xx.o
main                                              ./src/lpcopen_lpc1114fn28_ex01_gpio_led_sw.o
                                                  /usr/local/mcuxpressoide-11.5.1_7266/ide/plugins/com.nxp.mcuxpresso.tools.linux_11.5.1.202201181444/tools/bin/../lib/gcc/arm-none-eabi/10.3.1/../../../../arm-none-eabi/lib/thumb/v6-m/nofp/libcr_c.a(__weak__main.o)
